../Core/Src/main.c:82:6:led_set_1	24	static
../Core/Src/main.c:106:5:__io_putchar	24	static
../Core/Src/main.c:116:6:is_user_button_pressed	16	static
../Core/Src/main.c:136:6:is_button_pressed	8	static
../Core/Src/main.c:149:6:line_append	16	static
../Core/Src/main.c:181:6:print_alarms	32	static
../Core/Src/main.c:196:6:HAL_GPIO_EXTI_Callback	16	static
../Core/Src/main.c:210:5:main	80	static
../Core/Src/main.c:453:6:SystemClock_Config	96	static
../Core/Src/main.c:499:13:MX_IWDG_Init	8	static
../Core/Src/main.c:528:13:MX_RTC_Init	8	static
../Core/Src/main.c:564:13:MX_USART2_UART_Init	8	static
../Core/Src/main.c:599:13:MX_GPIO_Init	40	static
../Core/Src/main.c:668:6:Error_Handler	4	static,ignoring_inline_asm
