../Core/Src/main.c:106:5:__io_putchar	24	static
../Core/Src/main.c:136:6:is_button_pressed	8	static
../Core/Src/main.c:149:6:line_append	16	static
../Core/Src/main.c:181:6:print_alarms	32	static
../Core/Src/main.c:196:6:HAL_GPIO_EXTI_Callback	16	static
../Core/Src/main.c:211:5:main	80	static
../Core/Src/main.c:454:6:SystemClock_Config	96	static
../Core/Src/main.c:500:13:MX_IWDG_Init	8	static
../Core/Src/main.c:529:13:MX_RTC_Init	8	static
../Core/Src/main.c:565:13:MX_USART2_UART_Init	8	static
../Core/Src/main.c:600:13:MX_GPIO_Init	40	static
../Core/Src/main.c:642:6:Error_Handler	4	static,ignoring_inline_asm
